// Jest Snapshot v1, https://goo.gl/fbAQLP

exports[`Profile Render Profile Component 1`] = `
<div
  className="main-profile-container"
>
  <div
    className="mission-profile-container"
  >
    <h2
      className="mission-title"
    >
      my missions
    </h2>
    <table
      className="mission-item"
    >
      <tbody />
    </table>
  </div>
  <div
    className="rocket-profile-container"
  >
    <h2
      className="rocket-title"
    >
      my rockets
    </h2>
    <table
      className="rocket-item"
    >
      <tbody />
    </table>
  </div>
</div>
`;
